cdecl: "xxx": invalid value for --color/-k; must be one of: always, auto, isatty, never, not_file, not_isreg, tty
