declare x as long char
        ^
9: error: "long char" is illegal for built-in type
