declare x of scope s as int
             ^
14: error: scoped names not supported in C
