explain int operator<(S const&) const = default
        ^
9: error: operator < must return bool
