declare [] as member operator (integer) returning integer
