declare main as function (int, argv as array of pointer to char) returning int
