explain int *__attribute__(( foo )) const p
             ^
14: warning: "__attribute__" is not supported by cdecl (ignoring); did you mean [[...]]?
declare p as constant pointer to int
