cast x into pointer to block (void) returning pointer to integer
