explain (auto int)x
         ^
10: error: can not cast into "auto"
