explain [i,&]
           ^
12: error: default capture must be specified first
