declare f as function (x as array constant of integer) returning void
