declare f as constant reference function returning void
