explain void a[4]
              ^
15: error: array of void; did you mean array of pointer to void?
