explain int operator"" _x()
                          ^
27: syntax error: ")": parameter list expected
