declare x as integer
declare f as pointer to function (double precision) returning integer
