declare & as operator (reference to S) returning pointer to S
