  noalt-tokens
  nodebug
  noeast-const
  noexplain-by-default
    explicit-ecsu=su
  noexplicit-int
  nographs
    lang=C++11
    prompt
    semicolon
