  noalt-tokens
  nodebug
  noeast-const
  noecho-commands
  noexplain-by-default
    explicit-ecsu=su
  noexplicit-int
  nographs
    lang=C89
    prompt
    semicolon
    using
